Archive member included to satisfy reference by file (symbol)

C:/ST/STM32CubeIDE_1.16.0/STM32CubeIDE/plugins/com.st.stm32cube.ide.mcu.externaltools.gnu-tools-for-stm32.12.3.rel1.win32_1.0.200.202406191623/tools/bin/../lib/gcc/arm-none-eabi/12.3.1/../../../../arm-none-eabi/lib/thumb/v7e-m+fp/hard\libc_nano.a(libc_a-exit.o)
                              C:/ST/STM32CubeIDE_1.16.0/STM32CubeIDE/plugins/com.st.stm32cube.ide.mcu.externaltools.gnu-tools-for-stm32.12.3.rel1.win32_1.0.200.202406191623/tools/bin/../lib/gcc/arm-none-eabi/12.3.1/../../../../arm-none-eabi/lib/thumb/v7e-m+fp/hard/crt0.o (exit)
C:/ST/STM32CubeIDE_1.16.0/STM32CubeIDE/plugins/com.st.stm32cube.ide.mcu.externaltools.gnu-tools-for-stm32.12.3.rel1.win32_1.0.200.202406191623/tools/bin/../lib/gcc/arm-none-eabi/12.3.1/../../../../arm-none-eabi/lib/thumb/v7e-m+fp/hard\libc_nano.a(libc_a-findfp.o)
                              C:/ST/STM32CubeIDE_1.16.0/STM32CubeIDE/plugins/com.st.stm32cube.ide.mcu.externaltools.gnu-tools-for-stm32.12.3.rel1.win32_1.0.200.202406191623/tools/bin/../lib/gcc/arm-none-eabi/12.3.1/../../../../arm-none-eabi/lib/thumb/v7e-m+fp/hard\libc_nano.a(libc_a-exit.o) (__stdio_exit_handler)
C:/ST/STM32CubeIDE_1.16.0/STM32CubeIDE/plugins/com.st.stm32cube.ide.mcu.externaltools.gnu-tools-for-stm32.12.3.rel1.win32_1.0.200.202406191623/tools/bin/../lib/gcc/arm-none-eabi/12.3.1/../../../../arm-none-eabi/lib/thumb/v7e-m+fp/hard\libc_nano.a(libc_a-fwalk.o)
                              C:/ST/STM32CubeIDE_1.16.0/STM32CubeIDE/plugins/com.st.stm32cube.ide.mcu.externaltools.gnu-tools-for-stm32.12.3.rel1.win32_1.0.200.202406191623/tools/bin/../lib/gcc/arm-none-eabi/12.3.1/../../../../arm-none-eabi/lib/thumb/v7e-m+fp/hard\libc_nano.a(libc_a-findfp.o) (_fwalk_sglue)
C:/ST/STM32CubeIDE_1.16.0/STM32CubeIDE/plugins/com.st.stm32cube.ide.mcu.externaltools.gnu-tools-for-stm32.12.3.rel1.win32_1.0.200.202406191623/tools/bin/../lib/gcc/arm-none-eabi/12.3.1/../../../../arm-none-eabi/lib/thumb/v7e-m+fp/hard\libc_nano.a(libc_a-stdio.o)
                              C:/ST/STM32CubeIDE_1.16.0/STM32CubeIDE/plugins/com.st.stm32cube.ide.mcu.externaltools.gnu-tools-for-stm32.12.3.rel1.win32_1.0.200.202406191623/tools/bin/../lib/gcc/arm-none-eabi/12.3.1/../../../../arm-none-eabi/lib/thumb/v7e-m+fp/hard\libc_nano.a(libc_a-findfp.o) (__sread)
C:/ST/STM32CubeIDE_1.16.0/STM32CubeIDE/plugins/com.st.stm32cube.ide.mcu.externaltools.gnu-tools-for-stm32.12.3.rel1.win32_1.0.200.202406191623/tools/bin/../lib/gcc/arm-none-eabi/12.3.1/../../../../arm-none-eabi/lib/thumb/v7e-m+fp/hard\libc_nano.a(libc_a-memset.o)
                              C:/ST/STM32CubeIDE_1.16.0/STM32CubeIDE/plugins/com.st.stm32cube.ide.mcu.externaltools.gnu-tools-for-stm32.12.3.rel1.win32_1.0.200.202406191623/tools/bin/../lib/gcc/arm-none-eabi/12.3.1/../../../../arm-none-eabi/lib/thumb/v7e-m+fp/hard/crt0.o (memset)
C:/ST/STM32CubeIDE_1.16.0/STM32CubeIDE/plugins/com.st.stm32cube.ide.mcu.externaltools.gnu-tools-for-stm32.12.3.rel1.win32_1.0.200.202406191623/tools/bin/../lib/gcc/arm-none-eabi/12.3.1/../../../../arm-none-eabi/lib/thumb/v7e-m+fp/hard\libc_nano.a(libc_a-closer.o)
                              C:/ST/STM32CubeIDE_1.16.0/STM32CubeIDE/plugins/com.st.stm32cube.ide.mcu.externaltools.gnu-tools-for-stm32.12.3.rel1.win32_1.0.200.202406191623/tools/bin/../lib/gcc/arm-none-eabi/12.3.1/../../../../arm-none-eabi/lib/thumb/v7e-m+fp/hard\libc_nano.a(libc_a-stdio.o) (_close_r)
C:/ST/STM32CubeIDE_1.16.0/STM32CubeIDE/plugins/com.st.stm32cube.ide.mcu.externaltools.gnu-tools-for-stm32.12.3.rel1.win32_1.0.200.202406191623/tools/bin/../lib/gcc/arm-none-eabi/12.3.1/../../../../arm-none-eabi/lib/thumb/v7e-m+fp/hard\libc_nano.a(libc_a-reent.o)
                              C:/ST/STM32CubeIDE_1.16.0/STM32CubeIDE/plugins/com.st.stm32cube.ide.mcu.externaltools.gnu-tools-for-stm32.12.3.rel1.win32_1.0.200.202406191623/tools/bin/../lib/gcc/arm-none-eabi/12.3.1/../../../../arm-none-eabi/lib/thumb/v7e-m+fp/hard\libc_nano.a(libc_a-closer.o) (errno)
C:/ST/STM32CubeIDE_1.16.0/STM32CubeIDE/plugins/com.st.stm32cube.ide.mcu.externaltools.gnu-tools-for-stm32.12.3.rel1.win32_1.0.200.202406191623/tools/bin/../lib/gcc/arm-none-eabi/12.3.1/../../../../arm-none-eabi/lib/thumb/v7e-m+fp/hard\libc_nano.a(libc_a-impure.o)
                              C:/ST/STM32CubeIDE_1.16.0/STM32CubeIDE/plugins/com.st.stm32cube.ide.mcu.externaltools.gnu-tools-for-stm32.12.3.rel1.win32_1.0.200.202406191623/tools/bin/../lib/gcc/arm-none-eabi/12.3.1/../../../../arm-none-eabi/lib/thumb/v7e-m+fp/hard\libc_nano.a(libc_a-reent.o) (_impure_ptr)
C:/ST/STM32CubeIDE_1.16.0/STM32CubeIDE/plugins/com.st.stm32cube.ide.mcu.externaltools.gnu-tools-for-stm32.12.3.rel1.win32_1.0.200.202406191623/tools/bin/../lib/gcc/arm-none-eabi/12.3.1/../../../../arm-none-eabi/lib/thumb/v7e-m+fp/hard\libc_nano.a(libc_a-lseekr.o)
[...]
Memory Configuration

Name             Origin             Length             Attributes
RAM              0x20000000         0x000a0000         xrw
RAM2             0x10000000         0x00010000         xrw
RAM3             0x20040000         0x00060000         xrw
FLASH            0x08000000         0x00200000         xr
*default*        0x00000000         0xffffffff

Linker script and memory map

LOAD C:/ST/STM32CubeIDE_1.16.0/STM32CubeIDE/plugins/com.st.stm32cube.ide.mcu.externaltools.gnu-tools-for-stm32.12.3.rel1.win32_1.0.200.202406191623/tools/bin/../lib/gcc/arm-none-eabi/12.3.1/thumb/v7e-m+fp/hard/crti.o
LOAD C:/ST/STM32CubeIDE_1.16.0/STM32CubeIDE/plugins/com.st.stm32cube.ide.mcu.externaltools.gnu-tools-for-stm32.12.3.rel1.win32_1.0.200.202406191623/tools/bin/../lib/gcc/arm-none-eabi/12.3.1/thumb/v7e-m+fp/hard/crtbegin.o
LOAD C:/ST/STM32CubeIDE_1.16.0/STM32CubeIDE/plugins/com.st.stm32cube.ide.mcu.externaltools.gnu-tools-for-stm32.12.3.rel1.win32_1.0.200.202406191623/tools/bin/../lib/gcc/arm-none-eabi/12.3.1/../../../../arm-none-eabi/lib/thumb/v7e-m+fp/hard/crt0.o
LOAD ./Core/Src/hx8357_stm32.o
LOAD ./Core/Src/main.o
LOAD ./Core/Src/stm32l4xx_hal_msp.o
LOAD ./Core/Src/stm32l4xx_it.o
LOAD ./Core/Src/syscalls.o
LOAD ./Core/Src/sysmem.o
LOAD ./Core/Src/system_stm32l4xx.o
LOAD ./Core/Startup/startup_stm32l4r5zitxp.o
LOAD ./Drivers/STM32L4xx_HAL_Driver/Src/stm32l4xx_hal.o
LOAD ./Drivers/STM32L4xx_HAL_Driver/Src/stm32l4xx_hal_cortex.o
LOAD ./Drivers/STM32L4xx_HAL_Driver/Src/stm32l4xx_hal_dma.o
LOAD ./Drivers/STM32L4xx_HAL_Driver/Src/stm32l4xx_hal_dma_ex.o
LOAD ./Drivers/STM32L4xx_HAL_Driver/Src/stm32l4xx_hal_exti.o
LOAD ./Drivers/STM32L4xx_HAL_Driver/Src/stm32l4xx_hal_flash.o
LOAD ./Drivers/STM32L4xx_HAL_Driver/Src/stm32l4xx_hal_flash_ex.o
LOAD ./Drivers/STM32L4xx_HAL_Driver/Src/stm32l4xx_hal_flash_ramfunc.o
LOAD ./Drivers/STM32L4xx_HAL_Driver/Src/stm32l4xx_hal_gpio.o
LOAD ./Drivers/STM32L4xx_HAL_Driver/Src/stm32l4xx_hal_i2c.o
LOAD ./Drivers/STM32L4xx_HAL_Driver/Src/stm32l4xx_hal_i2c_ex.o
LOAD ./Drivers/STM32L4xx_HAL_Driver/Src/stm32l4xx_hal_pwr.o
LOAD ./Drivers/STM32L4xx_HAL_Driver/Src/stm32l4xx_hal_pwr_ex.o
LOAD ./Drivers/STM32L4xx_HAL_Driver/Src/stm32l4xx_hal_rcc.o
LOAD ./Drivers/STM32L4xx_HAL_Driver/Src/stm32l4xx_hal_rcc_ex.o
LOAD ./Drivers/STM32L4xx_HAL_Driver/Src/stm32l4xx_hal_spi.o
LOAD ./Drivers/STM32L4xx_HAL_Driver/Src/stm32l4xx_hal_spi_ex.o
LOAD ./Drivers/STM32L4xx_HAL_Driver/Src/stm32l4xx_hal_tim.o
LOAD ./Drivers/STM32L4xx_HAL_Driver/Src/stm32l4xx_hal_tim_ex.o
START GROUP
LOAD C:/ST/STM32CubeIDE_1.16.0/STM32CubeIDE/plugins/com.st.stm32cube.ide.mcu.externaltools.gnu-tools-for-stm32.12.3.rel1.win32_1.0.200.202406191623/tools/bin/../lib/gcc/arm-none-eabi/12.3.1/../../../../arm-none-eabi/lib/thumb/v7e-m+fp/hard\libc_nano.a
LOAD C:/ST/STM32CubeIDE_1.16.0/STM32CubeIDE/plugins/com.st.stm32cube.ide.mcu.externaltools.gnu-tools-for-stm32.12.3.rel1.win32_1.0.200.202406191623/tools/bin/../lib/gcc/arm-none-eabi/12.3.1/../../../../arm-none-eabi/lib/thumb/v7e-m+fp/hard\libm.a
END GROUP
START GROUP
LOAD C:/ST/STM32CubeIDE_1.16.0/STM32CubeIDE/plugins/com.st.stm32cube.ide.mcu.externaltools.gnu-tools-for-stm32.12.3.rel1.win32_1.0.200.202406191623/tools/bin/../lib/gcc/arm-none-eabi/12.3.1/thumb/v7e-m+fp/hard\libgcc.a
LOAD C:/ST/STM32CubeIDE_1.16.0/STM32CubeIDE/plugins/com.st.stm32cube.ide.mcu.externaltools.gnu-tools-for-stm32.12.3.rel1.win32_1.0.200.202406191623/tools/bin/../lib/gcc/arm-none-eabi/12.3.1/../../../../arm-none-eabi/lib/thumb/v7e-m+fp/hard\libc_nano.a
END GROUP
START GROUP
LOAD C:/ST/STM32CubeIDE_1.16.0/STM32CubeIDE/plugins/com.st.stm32cube.ide.mcu.externaltools.gnu-tools-for-stm32.12.3.rel1.win32_1.0.200.202406191623/tools/bin/../lib/gcc/arm-none-eabi/12.3.1/thumb/v7e-m+fp/hard\libgcc.a
LOAD C:/ST/STM32CubeIDE_1.16.0/STM32CubeIDE/plugins/com.st.stm32cube.ide.mcu.externaltools.gnu-tools-for-stm32.12.3.rel1.win32_1.0.200.202406191623/tools/bin/../lib/gcc/arm-none-eabi/12.3.1/../../../../arm-none-eabi/lib/thumb/v7e-m+fp/hard\libc_nano.a
LOAD C:/ST/STM32CubeIDE_1.16.0/STM32CubeIDE/plugins/com.st.stm32cube.ide.mcu.externaltools.gnu-tools-for-stm32.12.3.rel1.win32_1.0.200.202406191623/tools/bin/../lib/gcc/arm-none-eabi/12.3.1/../../../../arm-none-eabi/lib/thumb/v7e-m+fp/hard\libnosys.a
END GROUP
START GROUP
LOAD C:/ST/STM32CubeIDE_1.16.0/STM32CubeIDE/plugins/com.st.stm32cube.ide.mcu.externaltools.gnu-tools-for-stm32.12.3.rel1.win32_1.0.200.202406191623/tools/bin/../lib/gcc/arm-none-eabi/12.3.1/thumb/v7e-m+fp/hard\libgcc.a
LOAD C:/ST/STM32CubeIDE_1.16.0/STM32CubeIDE/plugins/com.st.stm32cube.ide.mcu.externaltools.gnu-tools-for-stm32.12.3.rel1.win32_1.0.200.202406191623/tools/bin/../lib/gcc/arm-none-eabi/12.3.1/../../../../arm-none-eabi/lib/thumb/v7e-m+fp/hard\libc_nano.a
LOAD C:/ST/STM32CubeIDE_1.16.0/STM32CubeIDE/plugins/com.st.stm32cube.ide.mcu.externaltools.gnu-tools-for-stm32.12.3.rel1.win32_1.0.200.202406191623/tools/bin/../lib/gcc/arm-none-eabi/12.3.1/../../../../arm-none-eabi/lib/thumb/v7e-m+fp/hard\libnosys.a
END GROUP
LOAD C:/ST/STM32CubeIDE_1.16.0/STM32CubeIDE/plugins/com.st.stm32cube.ide.mcu.externaltools.gnu-tools-for-stm32.12.3.rel1.win32_1.0.200.202406191623/tools/bin/../lib/gcc/arm-none-eabi/12.3.1/thumb/v7e-m+fp/hard/crtend.o
LOAD C:/ST/STM32CubeIDE_1.16.0/STM32CubeIDE/plugins/com.st.stm32cube.ide.mcu.externaltools.gnu-tools-for-stm32.12.3.rel1.win32_1.0.200.202406191623/tools/bin/../lib/gcc/arm-none-eabi/12.3.1/thumb/v7e-m+fp/hard/crtn.o
                0x200a0000                        _estack = (ORIGIN (RAM) + LENGTH (RAM))
                0x00000200                        _Min_Heap_Size = 0x200
                0x00000400                        _Min_Stack_Size = 0x400

.isr_vector     0x08000000      0x1bc
                0x08000000                        . = ALIGN (0x4)
 *(.isr_vector)
 .isr_vector    0x08000000      0x1bc ./Core/Startup/startup_stm32l4r5zitxp.o
                0x08000000                g_pfnVectors
                0x080001bc                        . = ALIGN (0x4)

.text           0x080001bc     0x2518
                0x080001bc                        . = ALIGN (0x4)
 *(.text)
 .text          0x080001bc       0x40 C:/ST/STM32CubeIDE_1.16.0/STM32CubeIDE/plugins/com.st.stm32cube.ide.mcu.externaltools.gnu-tools-for-stm32.12.3.rel1.win32_1.0.200.202406191623/tools/bin/../lib/gcc/arm-none-eabi/12.3.1/thumb/v7e-m+fp/hard/crtbegin.o
 *(.text*)
 .text.HX8357_Select
                0x080001fc       0x20 ./Core/Src/hx8357_stm32.o
 .text.HX8357_Unselect
                0x0800021c       0x20 ./Core/Src/hx8357_stm32.o
 .text.HX8357_SetCommand
                0x0800023c       0x20 ./Core/Src/hx8357_stm32.o
 .text.HX8357_WriteCommand
                0x0800025c       0x36 ./Core/Src/hx8357_stm32.o
                0x0800025c                HX8357_WriteCommand
 .text.HX8357_Init
                0x08000292       0x32 ./Core/Src/hx8357_stm32.o
                0x08000292                HX8357_Init
 .text.main     0x080002c4       0x24 ./Core/Src/main.o
                0x080002c4                main
 .text.SystemClock_Config
                0x080002e8       0x8c ./Core/Src/main.o
                0x080002e8                SystemClock_Config
 .text.MX_SPI1_Init
                0x08000374       0x7c ./Core/Src/main.o
 .text.MX_GPIO_Init
                0x080003f0      0x490 ./Core/Src/main.o
 .text.Error_Handler
                0x08000880        0xc ./Core/Src/main.o
                0x08000880                Error_Handler
 .text.HAL_MspInit
                0x0800088c       0x48 ./Core/Src/stm32l4xx_hal_msp.o
                0x0800088c                HAL_MspInit
 .text.HAL_SPI_MspInit
                0x080008d4       0x84 ./Core/Src/stm32l4xx_hal_msp.o
                0x080008d4                HAL_SPI_MspInit
 .text.NMI_Handler
                0x08000958        0x8 ./Core/Src/stm32l4xx_it.o
                0x08000958                NMI_Handler
 .text.HardFault_Handler
                0x08000960        0x8 ./Core/Src/stm32l4xx_it.o
                0x08000960                HardFault_Handler
 .text.MemManage_Handler
                0x08000968        0x8 ./Core/Src/stm32l4xx_it.o
                0x08000968                MemManage_Handler
 .text.BusFault_Handler
                0x08000970        0x8 ./Core/Src/stm32l4xx_it.o
                0x08000970                BusFault_Handler
 .text.UsageFault_Handler
                0x08000978        0x8 ./Core/Src/stm32l4xx_it.o
                0x08000978                UsageFault_Handler
 .text.SVC_Handler
                0x08000980        0xe ./Core/Src/stm32l4xx_it.o
                0x08000980                SVC_Handler
 .text.DebugMon_Handler
                0x0800098e        0xe ./Core/Src/stm32l4xx_it.o
                0x0800098e                DebugMon_Handler
 .text.PendSV_Handler
                0x0800099c        0xe ./Core/Src/stm32l4xx_it.o
                0x0800099c                PendSV_Handler
 .text.SysTick_Handler
                0x080009aa        0xc ./Core/Src/stm32l4xx_it.o
                0x080009aa                SysTick_Handler
 *fill*         0x080009b6        0x2 
 .text.SystemInit
                0x080009b8       0x24 ./Core/Src/system_stm32l4xx.o
                0x080009b8                SystemInit
 .text.Reset_Handler
                0x080009dc       0x50 ./Core/Startup/startup_stm32l4r5zitxp.o
                0x080009dc                Reset_Handler
 .text.Default_Handler
                0x08000a2c        0x2 ./Core/Startup/startup_stm32l4r5zitxp.o
                0x08000a2c                RTC_Alarm_IRQHandler
                0x08000a2c                EXTI2_IRQHandler
                0x08000a2c                TIM8_TRG_COM_IRQHandler
                0x08000a2c                TIM8_CC_IRQHandler
                0x08000a2c                TIM1_CC_IRQHandler
                0x08000a2c                TSC_IRQHandler
                0x08000a2c                TAMP_STAMP_IRQHandler
                0x08000a2c                EXTI3_IRQHandler
                0x08000a2c                LPTIM2_IRQHandler
                0x08000a2c                DFSDM1_FLT1_IRQHandler
                0x08000a2c                GFXMMU_IRQHandler
                0x08000a2c                I2C3_ER_IRQHandler
                0x08000a2c                DFSDM1_FLT2_IRQHandler
                0x08000a2c                EXTI0_IRQHandler
                0x08000a2c                I2C2_EV_IRQHandler
                0x08000a2c                CAN1_RX0_IRQHandler
                0x08000a2c                FPU_IRQHandler
                0x08000a2c                TIM1_UP_TIM16_IRQHandler
                0x08000a2c                LTDC_ER_IRQHandler
                0x08000a2c                SPI1_IRQHandler
                0x08000a2c                OCTOSPI1_IRQHandler
                0x08000a2c                TIM6_DAC_IRQHandler
                0x08000a2c                DCMI_IRQHandler
                0x08000a2c                TIM8_UP_IRQHandler
                0x08000a2c                OCTOSPI2_IRQHandler
                0x08000a2c                DMA2_Channel2_IRQHandler
                0x08000a2c                DMA1_Channel4_IRQHandler
                0x08000a2c                SAI2_IRQHandler
                0x08000a2c                ADC1_IRQHandler
                0x08000a2c                DFSDM1_FLT3_IRQHandler
                0x08000a2c                USART3_IRQHandler
                0x08000a2c                DMA1_Channel7_IRQHandler
                0x08000a2c                CAN1_RX1_IRQHandler
                0x08000a2c                UART5_IRQHandler
                0x08000a2c                TIM4_IRQHandler
                0x08000a2c                DMA2_Channel1_IRQHandler
                0x08000a2c                I2C1_EV_IRQHandler
                0x08000a2c                DMAMUX1_OVR_IRQHandler
                0x08000a2c                DMA1_Channel6_IRQHandler
                0x08000a2c                UART4_IRQHandler
                0x08000a2c                DMA2_Channel4_IRQHandler
                0x08000a2c                TIM3_IRQHandler
                0x08000a2c                RCC_IRQHandler
                0x08000a2c                DMA1_Channel1_IRQHandler
                0x08000a2c                Default_Handler
                0x08000a2c                DMA2_Channel7_IRQHandler
                0x08000a2c                EXTI15_10_IRQHandler
                0x08000a2c                TIM7_IRQHandler
                0x08000a2c                SDMMC1_IRQHandler
                0x08000a2c                TIM5_IRQHandler
                0x08000a2c                I2C3_EV_IRQHandler
                0x08000a2c                EXTI9_5_IRQHandler
                0x08000a2c                RTC_WKUP_IRQHandler
                0x08000a2c                LTDC_IRQHandler
                0x08000a2c                PVD_PVM_IRQHandler
                0x08000a2c                SPI2_IRQHandler
                0x08000a2c                CAN1_TX_IRQHandler
                0x08000a2c                DMA2_Channel5_IRQHandler
                0x08000a2c                CRS_IRQHandler
                0x08000a2c                DMA1_Channel5_IRQHandler
                0x08000a2c                EXTI4_IRQHandler
                0x08000a2c                RNG_IRQHandler
                0x08000a2c                TIM1_TRG_COM_TIM17_IRQHandler
                0x08000a2c                DMA1_Channel3_IRQHandler
                0x08000a2c                COMP_IRQHandler
                0x08000a2c                WWDG_IRQHandler
                0x08000a2c                I2C4_EV_IRQHandler
                0x08000a2c                LPUART1_IRQHandler
                0x08000a2c                DMA2_Channel6_IRQHandler
                0x08000a2c                TIM2_IRQHandler
                0x08000a2c                DMA2D_IRQHandler
                0x08000a2c                EXTI1_IRQHandler
                0x08000a2c                USART2_IRQHandler
                0x08000a2c                DFSDM1_FLT0_IRQHandler
                0x08000a2c                I2C2_ER_IRQHandler
                0x08000a2c                DMA1_Channel2_IRQHandler
                0x08000a2c                TIM8_BRK_IRQHandler
                0x08000a2c                CAN1_SCE_IRQHandler
                0x08000a2c                FLASH_IRQHandler
                0x08000a2c                USART1_IRQHandler
                0x08000a2c                OTG_FS_IRQHandler
                0x08000a2c                SPI3_IRQHandler
                0x08000a2c                I2C1_ER_IRQHandler
                0x08000a2c                FMC_IRQHandler
                0x08000a2c                LPTIM1_IRQHandler
                0x08000a2c                I2C4_ER_IRQHandler
                0x08000a2c                SAI1_IRQHandler
                0x08000a2c                DMA2_Channel3_IRQHandler
                0x08000a2c                TIM1_BRK_TIM15_IRQHandler
 .text.HAL_Init
                0x08000a2e       0x30 ./Drivers/STM32L4xx_HAL_Driver/Src/stm32l4xx_hal.o
                0x08000a2e                HAL_Init
 *fill*         0x08000a5e        0x2 
 .text.HAL_InitTick
                0x08000a60       0x78 ./Drivers/STM32L4xx_HAL_Driver/Src/stm32l4xx_hal.o
                0x08000a60                HAL_InitTick
 .text.HAL_IncTick
                0x08000ad8       0x28 ./Drivers/STM32L4xx_HAL_Driver/Src/stm32l4xx_hal.o
                0x08000ad8                HAL_IncTick
 .text.HAL_GetTick
                0x08000b00       0x18 ./Drivers/STM32L4xx_HAL_Driver/Src/stm32l4xx_hal.o
                0x08000b00                HAL_GetTick
 .text.HAL_Delay
                0x08000b18       0x48 ./Drivers/STM32L4xx_HAL_Driver/Src/stm32l4xx_hal.o
                0x08000b18                HAL_Delay
 .text.__NVIC_SetPriorityGrouping
                0x08000b60       0x48 ./Drivers/STM32L4xx_HAL_Driver/Src/stm32l4xx_hal_cortex.o
 .text.__NVIC_GetPriorityGrouping
                0x08000ba8       0x1c ./Drivers/STM32L4xx_HAL_Driver/Src/stm32l4xx_hal_cortex.o
 .text.__NVIC_SetPriority
                0x08000bc4       0x54 ./Drivers/STM32L4xx_HAL_Driver/Src/stm32l4xx_hal_cortex.o
 .text.NVIC_EncodePriority
                0x08000c18       0x66 ./Drivers/STM32L4xx_HAL_Driver/Src/stm32l4xx_hal_cortex.o
 *fill*         0x08000c7e        0x2 
 .text.SysTick_Config
                0x08000c80       0x44 ./Drivers/STM32L4xx_HAL_Driver/Src/stm32l4xx_hal_cortex.o
 .text.HAL_NVIC_SetPriorityGrouping
                0x08000cc4       0x16 ./Drivers/STM32L4xx_HAL_Driver/Src/stm32l4xx_hal_cortex.o
                0x08000cc4                HAL_NVIC_SetPriorityGrouping
 .text.HAL_NVIC_SetPriority
                0x08000cda       0x38 ./Drivers/STM32L4xx_HAL_Driver/Src/stm32l4xx_hal_cortex.o
                0x08000cda                HAL_NVIC_SetPriority
 .text.HAL_SYSTICK_Config
                0x08000d12       0x18 ./Drivers/STM32L4xx_HAL_Driver/Src/stm32l4xx_hal_cortex.o
                0x08000d12                HAL_SYSTICK_Config
 *fill*         0x08000d2a        0x2 
 .text.HAL_GPIO_Init
                0x08000d2c      0x324 ./Drivers/STM32L4xx_HAL_Driver/Src/stm32l4xx_hal_gpio.o
                0x08000d2c                HAL_GPIO_Init
 .text.HAL_GPIO_WritePin
                0x08001050       0x30 ./Drivers/STM32L4xx_HAL_Driver/Src/stm32l4xx_hal_gpio.o
                0x08001050                HAL_GPIO_WritePin
 .text.HAL_PWREx_GetVoltageRange
                0x08001080       0x40 ./Drivers/STM32L4xx_HAL_Driver/Src/stm32l4xx_hal_pwr_ex.o
                0x08001080                HAL_PWREx_GetVoltageRange
 .text.HAL_PWREx_ControlVoltageScaling
                0x080010c0      0x148 ./Drivers/STM32L4xx_HAL_Driver/Src/stm32l4xx_hal_pwr_ex.o
                0x080010c0                HAL_PWREx_ControlVoltageScaling
 .text.HAL_PWREx_EnableVddIO2
                0x08001208       0x20 ./Drivers/STM32L4xx_HAL_Driver/Src/stm32l4xx_hal_pwr_ex.o
                0x08001208                HAL_PWREx_EnableVddIO2
 .text.HAL_RCC_OscConfig
                0x08001228      0x834 ./Drivers/STM32L4xx_HAL_Driver/Src/stm32l4xx_hal_rcc.o
                0x08001228                HAL_RCC_OscConfig
 .text.HAL_RCC_ClockConfig
                0x08001a5c      0x274 ./Drivers/STM32L4xx_HAL_Driver/Src/stm32l4xx_hal_rcc.o
                0x08001a5c                HAL_RCC_ClockConfig
 .text.HAL_RCC_GetSysClockFreq
                0x08001cd0      0x118 ./Drivers/STM32L4xx_HAL_Driver/Src/stm32l4xx_hal_rcc.o
                0x08001cd0                HAL_RCC_GetSysClockFreq
 .text.RCC_SetFlashLatencyFromMSIRange
                0x08001de8       0xb4 ./Drivers/STM32L4xx_HAL_Driver/Src/stm32l4xx_hal_rcc.o
 .text.RCC_GetSysClockFreqFromPLLSource
                0x08001e9c       0xcc ./Drivers/STM32L4xx_HAL_Driver/Src/stm32l4xx_hal_rcc.o
 .text.HAL_SPI_Init
                0x08001f68      0x146 ./Drivers/STM32L4xx_HAL_Driver/Src/stm32l4xx_hal_spi.o
                0x08001f68                HAL_SPI_Init
 .text.HAL_SPI_Transmit
                0x080020ae      0x2ec ./Drivers/STM32L4xx_HAL_Driver/Src/stm32l4xx_hal_spi.o
                0x080020ae                HAL_SPI_Transmit
 *fill*         0x0800239a        0x2 
 .text.SPI_WaitFlagStateUntilTimeout
                0x0800239c      0x110 ./Drivers/STM32L4xx_HAL_Driver/Src/stm32l4xx_hal_spi.o
 .text.SPI_WaitFifoStateUntilTimeout
                0x080024ac      0x12c ./Drivers/STM32L4xx_HAL_Driver/Src/stm32l4xx_hal_spi.o
 .text.SPI_EndRxTxTransaction
                0x080025d8       0x8c ./Drivers/STM32L4xx_HAL_Driver/Src/stm32l4xx_hal_spi.o
 .text.memset   0x08002664       0x10 C:/ST/STM32CubeIDE_1.16.0/STM32CubeIDE/plugins/com.st.stm32cube.ide.mcu.externaltools.gnu-tools-for-stm32.12.3.rel1.win32_1.0.200.202406191623/tools/bin/../lib/gcc/arm-none-eabi/12.3.1/../../../../arm-none-eabi/lib/thumb/v7e-m+fp/hard\libc_nano.a(libc_a-memset.o)
                0x08002664                memset
 .text.__libc_init_array
                0x08002674       0x48 C:/ST/STM32CubeIDE_1.16.0/STM32CubeIDE/plugins/com.st.stm32cube.ide.mcu.externaltools.gnu-tools-for-stm32.12.3.rel1.win32_1.0.200.202406191623/tools/bin/../lib/gcc/arm-none-eabi/12.3.1/../../../../arm-none-eabi/lib/thumb/v7e-m+fp/hard\libc_nano.a(libc_a-init.o)
                0x08002674                __libc_init_array
 *(.glue_7)
 .glue_7        0x080026bc        0x0 linker stubs
 *(.glue_7t)
 .glue_7t       0x080026bc        0x0 linker stubs
 *(.eh_frame)
 .eh_frame      0x080026bc        0x0 C:/ST/STM32CubeIDE_1.16.0/STM32CubeIDE/plugins/com.st.stm32cube.ide.mcu.externaltools.gnu-tools-for-stm32.12.3.rel1.win32_1.0.200.202406191623/tools/bin/../lib/gcc/arm-none-eabi/12.3.1/thumb/v7e-m+fp/hard/crtbegin.o
 *(.init)
 .init          0x080026bc        0x4 C:/ST/STM32CubeIDE_1.16.0/STM32CubeIDE/plugins/com.st.stm32cube.ide.mcu.externaltools.gnu-tools-for-stm32.12.3.rel1.win32_1.0.200.202406191623/tools/bin/../lib/gcc/arm-none-eabi/12.3.1/thumb/v7e-m+fp/hard/crti.o
                0x080026bc                _init
 .init          0x080026c0        0x8 C:/ST/STM32CubeIDE_1.16.0/STM32CubeIDE/plugins/com.st.stm32cube.ide.mcu.externaltools.gnu-tools-for-stm32.12.3.rel1.win32_1.0.200.202406191623/tools/bin/../lib/gcc/arm-none-eabi/12.3.1/thumb/v7e-m+fp/hard/crtn.o
 *(.fini)
 .fini          0x080026c8        0x4 C:/ST/STM32CubeIDE_1.16.0/STM32CubeIDE/plugins/com.st.stm32cube.ide.mcu.externaltools.gnu-tools-for-stm32.12.3.rel1.win32_1.0.200.202406191623/tools/bin/../lib/gcc/arm-none-eabi/12.3.1/thumb/v7e-m+fp/hard/crti.o
                0x080026c8                _fini
 .fini          0x080026cc        0x8 C:/ST/STM32CubeIDE_1.16.0/STM32CubeIDE/plugins/com.st.stm32cube.ide.mcu.externaltools.gnu-tools-for-stm32.12.3.rel1.win32_1.0.200.202406191623/tools/bin/../lib/gcc/arm-none-eabi/12.3.1/thumb/v7e-m+fp/hard/crtn.o
                0x080026d4                        . = ALIGN (0x4)
                0x080026d4                        _etext = .

.vfp11_veneer   0x080026d4        0x0
 .vfp11_veneer  0x080026d4        0x0 linker stubs

.v4_bx          0x080026d4        0x0
 .v4_bx         0x080026d4        0x0 linker stubs

.iplt           0x080026d4        0x0
 .iplt          0x080026d4        0x0 C:/ST/STM32CubeIDE_1.16.0/STM32CubeIDE/plugins/com.st.stm32cube.ide.mcu.externaltools.gnu-tools-for-stm32.12.3.rel1.win32_1.0.200.202406191623/tools/bin/../lib/gcc/arm-none-eabi/12.3.1/thumb/v7e-m+fp/hard/crtbegin.o

.rodata         0x080026d4       0x40
                0x080026d4                        . = ALIGN (0x4)
 *(.rodata)
 *(.rodata*)
 .rodata.AHBPrescTable
                0x080026d4       0x10 ./Core/Src/system_stm32l4xx.o
                0x080026d4                AHBPrescTable
 .rodata.MSIRangeTable
                0x080026e4       0x30 ./Core/Src/system_stm32l4xx.o
                0x080026e4                MSIRangeTable
                0x08002714                        . = ALIGN (0x4)

.ARM.extab      0x08002714        0x0
                0x08002714                        . = ALIGN (0x4)
 *(.ARM.extab* .gnu.linkonce.armextab.*)
                0x08002714                        . = ALIGN (0x4)

.ARM            0x08002714        0x0
                0x08002714                        . = ALIGN (0x4)
                0x08002714                        __exidx_start = .
 *(.ARM.exidx*)
                0x08002714                        __exidx_end = .
                0x08002714                        . = ALIGN (0x4)

.preinit_array  0x08002714        0x0
                0x08002714                        . = ALIGN (0x4)
                0x08002714                        PROVIDE (__preinit_array_start = .)
 *(.preinit_array*)
                0x08002714                        PROVIDE (__preinit_array_end = .)
                0x08002714                        . = ALIGN (0x4)

.init_array     0x08002714        0x4
                0x08002714                        . = ALIGN (0x4)
                0x08002714                        PROVIDE (__init_array_start = .)
 *(SORT_BY_NAME(.init_array.*))
 *(.init_array*)
 .init_array    0x08002714        0x4 C:/ST/STM32CubeIDE_1.16.0/STM32CubeIDE/plugins/com.st.stm32cube.ide.mcu.externaltools.gnu-tools-for-stm32.12.3.rel1.win32_1.0.200.202406191623/tools/bin/../lib/gcc/arm-none-eabi/12.3.1/thumb/v7e-m+fp/hard/crtbegin.o
                0x08002718                        PROVIDE (__init_array_end = .)
                0x08002718                        . = ALIGN (0x4)

.fini_array     0x08002718        0x4
                0x08002718                        . = ALIGN (0x4)
                [!provide]                        PROVIDE (__fini_array_start = .)
 *(SORT_BY_NAME(.fini_array.*))
 *(.fini_array*)
 .fini_array    0x08002718        0x4 C:/ST/STM32CubeIDE_1.16.0/STM32CubeIDE/plugins/com.st.stm32cube.ide.mcu.externaltools.gnu-tools-for-stm32.12.3.rel1.win32_1.0.200.202406191623/tools/bin/../lib/gcc/arm-none-eabi/12.3.1/thumb/v7e-m+fp/hard/crtbegin.o
                [!provide]                        PROVIDE (__fini_array_end = .)
                0x0800271c                        . = ALIGN (0x4)
                0x0800271c                        _sidata = LOADADDR (.data)

.rel.dyn        0x0800271c        0x0
 .rel.iplt      0x0800271c        0x0 C:/ST/STM32CubeIDE_1.16.0/STM32CubeIDE/plugins/com.st.stm32cube.ide.mcu.externaltools.gnu-tools-for-stm32.12.3.rel1.win32_1.0.200.202406191623/tools/bin/../lib/gcc/arm-none-eabi/12.3.1/thumb/v7e-m+fp/hard/crtbegin.o

.data           0x20000000       0x20 load address 0x0800271c
                0x20000000                        . = ALIGN (0x4)
                0x20000000                        _sdata = .
 *(.data)
 *(.data*)
 .data.display  0x20000000       0x14 ./Core/Src/main.o
                0x20000000                display
 .data.SystemCoreClock
                0x20000014        0x4 ./Core/Src/system_stm32l4xx.o
                0x20000014                SystemCoreClock
 .data.uwTickPrio
                0x20000018        0x4 ./Drivers/STM32L4xx_HAL_Driver/Src/stm32l4xx_hal.o
                0x20000018                uwTickPrio
 .data.uwTickFreq
                0x2000001c        0x1 ./Drivers/STM32L4xx_HAL_Driver/Src/stm32l4xx_hal.o
                0x2000001c                uwTickFreq
 *(.RamFunc)
 *(.RamFunc*)
                0x20000020                        . = ALIGN (0x4)
 *fill*         0x2000001d        0x3 
                0x20000020                        _edata = .

.igot.plt       0x20000020        0x0 load address 0x0800273c
 .igot.plt      0x20000020        0x0 C:/ST/STM32CubeIDE_1.16.0/STM32CubeIDE/plugins/com.st.stm32cube.ide.mcu.externaltools.gnu-tools-for-stm32.12.3.rel1.win32_1.0.200.202406191623/tools/bin/../lib/gcc/arm-none-eabi/12.3.1/thumb/v7e-m+fp/hard/crtbegin.o
                0x20000020                        . = ALIGN (0x4)

.bss            0x20000020       0x84 load address 0x0800273c
                0x20000020                        _sbss = .
                0x20000020                        __bss_start__ = _sbss
 *(.bss)
 .bss           0x20000020       0x1c C:/ST/STM32CubeIDE_1.16.0/STM32CubeIDE/plugins/com.st.stm32cube.ide.mcu.externaltools.gnu-tools-for-stm32.12.3.rel1.win32_1.0.200.202406191623/tools/bin/../lib/gcc/arm-none-eabi/12.3.1/thumb/v7e-m+fp/hard/crtbegin.o
 *(.bss*)
 .bss.hspi1     0x2000003c       0x64 ./Core/Src/main.o
                0x2000003c                hspi1
 .bss.uwTick    0x200000a0        0x4 ./Drivers/STM32L4xx_HAL_Driver/Src/stm32l4xx_hal.o
                0x200000a0                uwTick
 *(COMMON)
                0x200000a4                        . = ALIGN (0x4)
                0x200000a4                        _ebss = .
                0x200000a4                        __bss_end__ = _ebss

._user_heap_stack
                0x200000a4      0x604 load address 0x0800273c
                0x200000a8                        . = ALIGN (0x8)
 *fill*         0x200000a4        0x4 
                [!provide]                        PROVIDE (end = .)
                0x200000a8                        PROVIDE (_end = .)
                0x200002a8                        . = (. + _Min_Heap_Size)
 *fill*         0x200000a8      0x200 
                0x200006a8                        . = (. + _Min_Stack_Size)
 *fill*         0x200002a8      0x400 
                0x200006a8                        . = ALIGN (0x8)

/DISCARD/
 libc.a(*)
 libm.a(*)
 libgcc.a(*)

.ARM.attributes
                0x00000000       0x30
 *(.ARM.attributes)
 .ARM.attributes
                0x00000000       0x22 C:/ST/STM32CubeIDE_1.16.0/STM32CubeIDE/plugins/com.st.stm32cube.ide.mcu.externaltools.gnu-tools-for-stm32.12.3.rel1.win32_1.0.200.202406191623/tools/bin/../lib/gcc/arm-none-eabi/12.3.1/thumb/v7e-m+fp/hard/crti.o
 .ARM.attributes
                0x00000022       0x34 C:/ST/STM32CubeIDE_1.16.0/STM32CubeIDE/plugins/com.st.stm32cube.ide.mcu.externaltools.gnu-tools-for-stm32.12.3.rel1.win32_1.0.200.202406191623/tools/bin/../lib/gcc/arm-none-eabi/12.3.1/thumb/v7e-m+fp/hard/crtbegin.o
 .ARM.attributes
                0x00000056       0x34 ./Core/Src/hx8357_stm32.o
 .ARM.attributes
                0x0000008a       0x34 ./Core/Src/main.o
 .ARM.attributes
                0x000000be       0x34 ./Core/Src/stm32l4xx_hal_msp.o
 .ARM.attributes
                0x000000f2       0x34 ./Core/Src/stm32l4xx_it.o
 .ARM.attributes
                0x00000126       0x34 ./Core/Src/system_stm32l4xx.o
 .ARM.attributes
                0x0000015a       0x21 ./Core/Startup/startup_stm32l4r5zitxp.o
 .ARM.attributes
                0x0000017b       0x34 ./Drivers/STM32L4xx_HAL_Driver/Src/stm32l4xx_hal.o
 .ARM.attributes
                0x000001af       0x34 ./Drivers/STM32L4xx_HAL_Driver/Src/stm32l4xx_hal_cortex.o
 .ARM.attributes
                0x000001e3       0x34 ./Drivers/STM32L4xx_HAL_Driver/Src/stm32l4xx_hal_gpio.o
 .ARM.attributes
                0x00000217       0x34 ./Drivers/STM32L4xx_HAL_Driver/Src/stm32l4xx_hal_pwr_ex.o
 .ARM.attributes
                0x0000024b       0x34 ./Drivers/STM32L4xx_HAL_Driver/Src/stm32l4xx_hal_rcc.o
 .ARM.attributes
                0x0000027f       0x34 ./Drivers/STM32L4xx_HAL_Driver/Src/stm32l4xx_hal_spi.o
 .ARM.attributes
                0x000002b3       0x34 C:/ST/STM32CubeIDE_1.16.0/STM32CubeIDE/plugins/com.st.stm32cube.ide.mcu.externaltools.gnu-tools-for-stm32.12.3.rel1.win32_1.0.200.202406191623/tools/bin/../lib/gcc/arm-none-eabi/12.3.1/../../../../arm-none-eabi/lib/thumb/v7e-m+fp/hard\libc_nano.a(libc_a-memset.o)
 .ARM.attributes
                0x000002e7       0x34 C:/ST/STM32CubeIDE_1.16.0/STM32CubeIDE/plugins/com.st.stm32cube.ide.mcu.externaltools.gnu-tools-for-stm32.12.3.rel1.win32_1.0.200.202406191623/tools/bin/../lib/gcc/arm-none-eabi/12.3.1/../../../../arm-none-eabi/lib/thumb/v7e-m+fp/hard\libc_nano.a(libc_a-init.o)
 .ARM.attributes
                0x0000031b       0x22 C:/ST/STM32CubeIDE_1.16.0/STM32CubeIDE/plugins/com.st.stm32cube.ide.mcu.externaltools.gnu-tools-for-stm32.12.3.rel1.win32_1.0.200.202406191623/tools/bin/../lib/gcc/arm-none-eabi/12.3.1/thumb/v7e-m+fp/hard/crtn.o
OUTPUT(drawbot_v0.1.elf elf32-littlearm)
LOAD linker stubs
LOAD C:/ST/STM32CubeIDE_1.16.0/STM32CubeIDE/plugins/com.st.stm32cube.ide.mcu.externaltools.gnu-tools-for-stm32.12.3.rel1.win32_1.0.200.202406191623/tools/bin/../lib/gcc/arm-none-eabi/12.3.1/../../../../arm-none-eabi/lib/thumb/v7e-m+fp/hard\libc.a
LOAD C:/ST/STM32CubeIDE_1.16.0/STM32CubeIDE/plugins/com.st.stm32cube.ide.mcu.externaltools.gnu-tools-for-stm32.12.3.rel1.win32_1.0.200.202406191623/tools/bin/../lib/gcc/arm-none-eabi/12.3.1/../../../../arm-none-eabi/lib/thumb/v7e-m+fp/hard\libm.a
LOAD C:/ST/STM32CubeIDE_1.16.0/STM32CubeIDE/plugins/com.st.stm32cube.ide.mcu.externaltools.gnu-tools-for-stm32.12.3.rel1.win32_1.0.200.202406191623/tools/bin/../lib/gcc/arm-none-eabi/12.3.1/thumb/v7e-m+fp/hard\libgcc.a

.debug_info     0x00000000     0x778e
 .debug_info    0x00000000      0x94d ./Core/Src/hx8357_stm32.o
 .debug_info    0x0000094d      0xe54 ./Core/Src/main.o
 .debug_info    0x000017a1      0xabf ./Core/Src/stm32l4xx_hal_msp.o
 .debug_info    0x00002260      0x113 ./Core/Src/stm32l4xx_it.o
 .debug_info    0x00002373      0x5e9 ./Core/Src/system_stm32l4xx.o
 .debug_info    0x0000295c       0x30 ./Core/Startup/startup_stm32l4r5zitxp.o
 .debug_info    0x0000298c      0xb49 ./Drivers/STM32L4xx_HAL_Driver/Src/stm32l4xx_hal.o
 .debug_info    0x000034d5      0xd99 ./Drivers/STM32L4xx_HAL_Driver/Src/stm32l4xx_hal_cortex.o
 .debug_info    0x0000426e      0x787 ./Drivers/STM32L4xx_HAL_Driver/Src/stm32l4xx_hal_gpio.o
 .debug_info    0x000049f5      0xa0a ./Drivers/STM32L4xx_HAL_Driver/Src/stm32l4xx_hal_pwr_ex.o
 .debug_info    0x000053ff      0xd32 ./Drivers/STM32L4xx_HAL_Driver/Src/stm32l4xx_hal_rcc.o
 .debug_info    0x00006131     0x165d ./Drivers/STM32L4xx_HAL_Driver/Src/stm32l4xx_hal_spi.o

.debug_abbrev   0x00000000     0x1610
 .debug_abbrev  0x00000000      0x1c2 ./Core/Src/hx8357_stm32.o
 .debug_abbrev  0x000001c2      0x26d ./Core/Src/main.o
 .debug_abbrev  0x0000042f      0x1ab ./Core/Src/stm32l4xx_hal_msp.o
 .debug_abbrev  0x000005da       0x73 ./Core/Src/stm32l4xx_it.o
 .debug_abbrev  0x0000064d      0x11a ./Core/Src/system_stm32l4xx.o
 .debug_abbrev  0x00000767       0x24 ./Core/Startup/startup_stm32l4r5zitxp.o
 .debug_abbrev  0x0000078b      0x242 ./Drivers/STM32L4xx_HAL_Driver/Src/stm32l4xx_hal.o
 .debug_abbrev  0x000009cd      0x31c ./Drivers/STM32L4xx_HAL_Driver/Src/stm32l4xx_hal_cortex.o
 .debug_abbrev  0x00000ce9      0x1cb ./Drivers/STM32L4xx_HAL_Driver/Src/stm32l4xx_hal_gpio.o
 .debug_abbrev  0x00000eb4      0x1f9 ./Drivers/STM32L4xx_HAL_Driver/Src/stm32l4xx_hal_pwr_ex.o
 .debug_abbrev  0x000010ad      0x306 ./Drivers/STM32L4xx_HAL_Driver/Src/stm32l4xx_hal_rcc.o
 .debug_abbrev  0x000013b3      0x25d ./Drivers/STM32L4xx_HAL_Driver/Src/stm32l4xx_hal_spi.o

.debug_aranges  0x00000000      0x800
 .debug_aranges
                0x00000000       0x50 ./Core/Src/hx8357_stm32.o
 .debug_aranges
                0x00000050       0x40 ./Core/Src/main.o
 .debug_aranges
                0x00000090       0x30 ./Core/Src/stm32l4xx_hal_msp.o
 .debug_aranges
                0x000000c0       0x60 ./Core/Src/stm32l4xx_it.o
 .debug_aranges
                0x00000120       0x28 ./Core/Src/system_stm32l4xx.o
 .debug_aranges
                0x00000148       0x28 ./Core/Startup/startup_stm32l4r5zitxp.o
 .debug_aranges
                0x00000170      0x130 ./Drivers/STM32L4xx_HAL_Driver/Src/stm32l4xx_hal.o
 .debug_aranges
                0x000002a0      0x128 ./Drivers/STM32L4xx_HAL_Driver/Src/stm32l4xx_hal_cortex.o
 .debug_aranges
                0x000003c8       0x58 ./Drivers/STM32L4xx_HAL_Driver/Src/stm32l4xx_hal_gpio.o
 .debug_aranges
                0x00000420      0x170 ./Drivers/STM32L4xx_HAL_Driver/Src/stm32l4xx_hal_pwr_ex.o
 .debug_aranges
                0x00000590       0x98 ./Drivers/STM32L4xx_HAL_Driver/Src/stm32l4xx_hal_rcc.o
 .debug_aranges
                0x00000628      0x1d8 ./Drivers/STM32L4xx_HAL_Driver/Src/stm32l4xx_hal_spi.o

.debug_rnglists
                0x00000000      0x5f3
 .debug_rnglists
                0x00000000       0x37 ./Core/Src/hx8357_stm32.o
 .debug_rnglists
                0x00000037       0x2d ./Core/Src/main.o
 .debug_rnglists
                0x00000064       0x20 ./Core/Src/stm32l4xx_hal_msp.o
 .debug_rnglists
                0x00000084       0x43 ./Core/Src/stm32l4xx_it.o
 .debug_rnglists
                0x000000c7       0x1a ./Core/Src/system_stm32l4xx.o
 .debug_rnglists
                0x000000e1       0x19 ./Core/Startup/startup_stm32l4r5zitxp.o
 .debug_rnglists
                0x000000fa       0xdf ./Drivers/STM32L4xx_HAL_Driver/Src/stm32l4xx_hal.o
 .debug_rnglists
                0x000001d9       0xda ./Drivers/STM32L4xx_HAL_Driver/Src/stm32l4xx_hal_cortex.o
 .debug_rnglists
                0x000002b3       0x3f ./Drivers/STM32L4xx_HAL_Driver/Src/stm32l4xx_hal_gpio.o
 .debug_rnglists
                0x000002f2      0x115 ./Drivers/STM32L4xx_HAL_Driver/Src/stm32l4xx_hal_pwr_ex.o
 .debug_rnglists
                0x00000407       0x74 ./Drivers/STM32L4xx_HAL_Driver/Src/stm32l4xx_hal_rcc.o
 .debug_rnglists
                0x0000047b      0x178 ./Drivers/STM32L4xx_HAL_Driver/Src/stm32l4xx_hal_spi.o

.debug_macro    0x00000000    0x27f5d
 .debug_macro   0x00000000      0x1d4 ./Core/Src/hx8357_stm32.o
 .debug_macro   0x000001d4      0xab4 ./Core/Src/hx8357_stm32.o
 .debug_macro   0x00000c88      0x1a1 ./Core/Src/hx8357_stm32.o
 .debug_macro   0x00000e29       0x2e ./Core/Src/hx8357_stm32.o
 .debug_macro   0x00000e57       0x28 ./Core/Src/hx8357_stm32.o
 .debug_macro   0x00000e7f       0x22 ./Core/Src/hx8357_stm32.o
 .debug_macro   0x00000ea1       0x8e ./Core/Src/hx8357_stm32.o
 .debug_macro   0x00000f2f       0x51 ./Core/Src/hx8357_stm32.o
 .debug_macro   0x00000f80      0x103 ./Core/Src/hx8357_stm32.o
 .debug_macro   0x00001083       0x6a ./Core/Src/hx8357_stm32.o
 .debug_macro   0x000010ed      0x1df ./Core/Src/hx8357_stm32.o
 .debug_macro   0x000012cc       0x1c ./Core/Src/hx8357_stm32.o
 .debug_macro   0x000012e8       0x22 ./Core/Src/hx8357_stm32.o
 .debug_macro   0x0000130a       0xfb ./Core/Src/hx8357_stm32.o
 .debug_macro   0x00001405     0x1011 ./Core/Src/hx8357_stm32.o
 .debug_macro   0x00002416      0x11f ./Core/Src/hx8357_stm32.o
 .debug_macro   0x00002535    0x1cb71 ./Core/Src/hx8357_stm32.o
 .debug_macro   0x0001f0a6       0x6d ./Core/Src/hx8357_stm32.o
 .debug_macro   0x0001f113     0x3902 ./Core/Src/hx8357_stm32.o
 .debug_macro   0x00022a15      0x189 ./Core/Src/hx8357_stm32.o
 .debug_macro   0x00022b9e       0x5c ./Core/Src/hx8357_stm32.o
 .debug_macro   0x00022bfa     0x1884 ./Core/Src/hx8357_stm32.o
 .debug_macro   0x0002447e      0x7dc ./Core/Src/hx8357_stm32.o
 .debug_macro   0x00024c5a      0x1b9 ./Core/Src/hx8357_stm32.o
 .debug_macro   0x00024e13      0x225 ./Core/Src/hx8357_stm32.o
 .debug_macro   0x00025038      0x486 ./Core/Src/hx8357_stm32.o
 .debug_macro   0x000254be      0x1ce ./Core/Src/hx8357_stm32.o
 .debug_macro   0x0002568c       0x43 ./Core/Src/hx8357_stm32.o
 .debug_macro   0x000256cf      0x23d ./Core/Src/hx8357_stm32.o
 .debug_macro   0x0002590c      0x241 ./Core/Src/hx8357_stm32.o
 .debug_macro   0x00025b4d      0x416 ./Core/Src/hx8357_stm32.o
 .debug_macro   0x00025f63       0x1c ./Core/Src/hx8357_stm32.o
 .debug_macro   0x00025f7f       0xf2 ./Core/Src/hx8357_stm32.o
 .debug_macro   0x00026071      0x122 ./Core/Src/hx8357_stm32.o
 .debug_macro   0x00026193      0x3f6 ./Core/Src/hx8357_stm32.o
 .debug_macro   0x00026589      0x2fe ./Core/Src/hx8357_stm32.o
 .debug_macro   0x00026887      0x432 ./Core/Src/hx8357_stm32.o
 .debug_macro   0x00026cb9       0x52 ./Core/Src/hx8357_stm32.o
 .debug_macro   0x00026d0b      0x1d8 ./Core/Src/main.o
 .debug_macro   0x00026ee3      0x1c5 ./Core/Src/stm32l4xx_hal_msp.o
 .debug_macro   0x000270a8      0x1cf ./Core/Src/stm32l4xx_it.o
 .debug_macro   0x00027277      0x1bb ./Core/Src/system_stm32l4xx.o
 .debug_macro   0x00027432      0x209 ./Drivers/STM32L4xx_HAL_Driver/Src/stm32l4xx_hal.o
 .debug_macro   0x0002763b      0x1bb ./Drivers/STM32L4xx_HAL_Driver/Src/stm32l4xx_hal_cortex.o
 .debug_macro   0x000277f6      0x1c2 ./Drivers/STM32L4xx_HAL_Driver/Src/stm32l4xx_hal_gpio.o
 .debug_macro   0x000279b8      0x1e5 ./Drivers/STM32L4xx_HAL_Driver/Src/stm32l4xx_hal_pwr_ex.o
 .debug_macro   0x00027b9d      0x1fd ./Drivers/STM32L4xx_HAL_Driver/Src/stm32l4xx_hal_rcc.o
 .debug_macro   0x00027d9a      0x1c3 ./Drivers/STM32L4xx_HAL_Driver/Src/stm32l4xx_hal_spi.o

.debug_line     0x00000000     0x8b3c
 .debug_line    0x00000000      0x7d6 ./Core/Src/hx8357_stm32.o
 .debug_line    0x000007d6      0x9cb ./Core/Src/main.o
 .debug_line    0x000011a1      0x784 ./Core/Src/stm32l4xx_hal_msp.o
 .debug_line    0x00001925      0x7f9 ./Core/Src/stm32l4xx_it.o
 .debug_line    0x0000211e      0x7d1 ./Core/Src/system_stm32l4xx.o
 .debug_line    0x000028ef       0x7a ./Core/Startup/startup_stm32l4r5zitxp.o
 .debug_line    0x00002969      0xb2c ./Drivers/STM32L4xx_HAL_Driver/Src/stm32l4xx_hal.o
 .debug_line    0x00003495      0xcf5 ./Drivers/STM32L4xx_HAL_Driver/Src/stm32l4xx_hal_cortex.o
 .debug_line    0x0000418a      0xba0 ./Drivers/STM32L4xx_HAL_Driver/Src/stm32l4xx_hal_gpio.o
 .debug_line    0x00004d2a      0xd93 ./Drivers/STM32L4xx_HAL_Driver/Src/stm32l4xx_hal_pwr_ex.o
 .debug_line    0x00005abd     0x107d ./Drivers/STM32L4xx_HAL_Driver/Src/stm32l4xx_hal_rcc.o
 .debug_line    0x00006b3a     0x2002 ./Drivers/STM32L4xx_HAL_Driver/Src/stm32l4xx_hal_spi.o

.debug_str      0x00000000    0xf4d0f
 .debug_str     0x00000000    0xf28c4 ./Core/Src/hx8357_stm32.o
                              0xf2bb9 (size before relaxing)
 .debug_str     0x000f28c4      0x3ab ./Core/Src/main.o
                              0xf2ef0 (size before relaxing)
 .debug_str     0x000f2c6f       0x5e ./Core/Src/stm32l4xx_hal_msp.o
                              0xf2b60 (size before relaxing)
 .debug_str     0x000f2ccd       0xc9 ./Core/Src/stm32l4xx_it.o
                              0xf24e4 (size before relaxing)
 .debug_str     0x000f2d96       0xf2 ./Core/Src/system_stm32l4xx.o
                              0xf2691 (size before relaxing)
 .debug_str     0x000f2e88       0x45 ./Core/Startup/startup_stm32l4r5zitxp.o
                                 0x63 (size before relaxing)
 .debug_str     0x000f2ecd      0xaac ./Drivers/STM32L4xx_HAL_Driver/Src/stm32l4xx_hal.o
                              0xf3261 (size before relaxing)
 .debug_str     0x000f3979      0x37c ./Drivers/STM32L4xx_HAL_Driver/Src/stm32l4xx_hal_cortex.o
                              0xf2f22 (size before relaxing)
 .debug_str     0x000f3cf5      0x128 ./Drivers/STM32L4xx_HAL_Driver/Src/stm32l4xx_hal_gpio.o
                              0xf280b (size before relaxing)
 .debug_str     0x000f3e1d      0x57a ./Drivers/STM32L4xx_HAL_Driver/Src/stm32l4xx_hal_pwr_ex.o
                              0xf2c64 (size before relaxing)
 .debug_str     0x000f4397      0x3d2 ./Drivers/STM32L4xx_HAL_Driver/Src/stm32l4xx_hal_rcc.o
                              0xf2d04 (size before relaxing)
 .debug_str     0x000f4769      0x5a6 ./Drivers/STM32L4xx_HAL_Driver/Src/stm32l4xx_hal_spi.o
                              0xf2f88 (size before relaxing)

.comment        0x00000000       0x43
 .comment       0x00000000       0x43 ./Core/Src/hx8357_stm32.o
                                 0x44 (size before relaxing)
 .comment       0x00000043       0x44 ./Core/Src/main.o
 .comment       0x00000043       0x44 ./Core/Src/stm32l4xx_hal_msp.o
 .comment       0x00000043       0x44 ./Core/Src/stm32l4xx_it.o
 .comment       0x00000043       0x44 ./Core/Src/system_stm32l4xx.o
 .comment       0x00000043       0x44 ./Drivers/STM32L4xx_HAL_Driver/Src/stm32l4xx_hal.o
 .comment       0x00000043       0x44 ./Drivers/STM32L4xx_HAL_Driver/Src/stm32l4xx_hal_cortex.o
 .comment       0x00000043       0x44 ./Drivers/STM32L4xx_HAL_Driver/Src/stm32l4xx_hal_gpio.o
 .comment       0x00000043       0x44 ./Drivers/STM32L4xx_HAL_Driver/Src/stm32l4xx_hal_pwr_ex.o
 .comment       0x00000043       0x44 ./Drivers/STM32L4xx_HAL_Driver/Src/stm32l4xx_hal_rcc.o
 .comment       0x00000043       0x44 ./Drivers/STM32L4xx_HAL_Driver/Src/stm32l4xx_hal_spi.o

.debug_frame    0x00000000     0x1f18
 .debug_frame   0x00000000      0x10c ./Core/Src/hx8357_stm32.o
 .debug_frame   0x0000010c       0xac ./Core/Src/main.o
 .debug_frame   0x000001b8       0x80 ./Core/Src/stm32l4xx_hal_msp.o
 .debug_frame   0x00000238      0x104 ./Core/Src/stm32l4xx_it.o
 .debug_frame   0x0000033c       0x58 ./Core/Src/system_stm32l4xx.o
 .debug_frame   0x00000394      0x498 ./Drivers/STM32L4xx_HAL_Driver/Src/stm32l4xx_hal.o
 .debug_frame   0x0000082c      0x4e8 ./Drivers/STM32L4xx_HAL_Driver/Src/stm32l4xx_hal_cortex.o
 .debug_frame   0x00000d14      0x14c ./Drivers/STM32L4xx_HAL_Driver/Src/stm32l4xx_hal_gpio.o
 .debug_frame   0x00000e60      0x5c4 ./Drivers/STM32L4xx_HAL_Driver/Src/stm32l4xx_hal_pwr_ex.o
 .debug_frame   0x00001424      0x248 ./Drivers/STM32L4xx_HAL_Driver/Src/stm32l4xx_hal_rcc.o
 .debug_frame   0x0000166c      0x860 ./Drivers/STM32L4xx_HAL_Driver/Src/stm32l4xx_hal_spi.o
 .debug_frame   0x00001ecc       0x20 C:/ST/STM32CubeIDE_1.16.0/STM32CubeIDE/plugins/com.st.stm32cube.ide.mcu.externaltools.gnu-tools-for-stm32.12.3.rel1.win32_1.0.200.202406191623/tools/bin/../lib/gcc/arm-none-eabi/12.3.1/../../../../arm-none-eabi/lib/thumb/v7e-m+fp/hard\libc_nano.a(libc_a-memset.o)
 .debug_frame   0x00001eec       0x2c C:/ST/STM32CubeIDE_1.16.0/STM32CubeIDE/plugins/com.st.stm32cube.ide.mcu.externaltools.gnu-tools-for-stm32.12.3.rel1.win32_1.0.200.202406191623/tools/bin/../lib/gcc/arm-none-eabi/12.3.1/../../../../arm-none-eabi/lib/thumb/v7e-m+fp/hard\libc_nano.a(libc_a-init.o)

.debug_line_str
                0x00000000       0x47
 .debug_line_str
                0x00000000       0x47 ./Core/Startup/startup_stm32l4r5zitxp.o
